12:42:49 | INFO: Data are loaded, start creating Blender stuff
12:42:49 | INFO: Blender create Mesh node Mesh_0
12:42:49 | INFO: glTF import finished in 0.32s
/Volumes/m2-extended-disk/Repos/eonwild-factory/candidates/v8.1-walk-respin-2/scripts/render_walk_respin_2_blender.py:18: DeprecationWarning: 'Material.use_nodes' is expected to be removed in Blender 6.0
  material.use_nodes = True
00:05.554  render           | Saved: 'showcase/v8.1-walk-respin-2/iteration-4/.walk-relaxed-v8-1-respin-side.frames/frame_0001.png'
00:06.399  render           | Saved: 'showcase/v8.1-walk-respin-2/iteration-4/.walk-relaxed-v8-1-respin-side.frames/frame_0002.png'
00:07.200  render           | Saved: 'showcase/v8.1-walk-respin-2/iteration-4/.walk-relaxed-v8-1-respin-side.frames/frame_0003.png'
00:07.957  render           | Saved: 'showcase/v8.1-walk-respin-2/iteration-4/.walk-relaxed-v8-1-respin-side.frames/frame_0004.png'
00:08.725  render           | Saved: 'showcase/v8.1-walk-respin-2/iteration-4/.walk-relaxed-v8-1-respin-side.frames/frame_0005.png'
00:09.515  render           | Saved: 'showcase/v8.1-walk-respin-2/iteration-4/.walk-relaxed-v8-1-respin-side.frames/frame_0006.png'
00:10.296  render           | Saved: 'showcase/v8.1-walk-respin-2/iteration-4/.walk-relaxed-v8-1-respin-side.frames/frame_0007.png'
00:11.102  render           | Saved: 'showcase/v8.1-walk-respin-2/iteration-4/.walk-relaxed-v8-1-respin-side.frames/frame_0008.png'
00:11.911  render           | Saved: 'showcase/v8.1-walk-respin-2/iteration-4/.walk-relaxed-v8-1-respin-side.frames/frame_0009.png'
00:12.678  render           | Saved: 'showcase/v8.1-walk-respin-2/iteration-4/.walk-relaxed-v8-1-respin-side.frames/frame_0010.png'
00:13.508  render           | Saved: 'showcase/v8.1-walk-respin-2/iteration-4/.walk-relaxed-v8-1-respin-side.frames/frame_0011.png'
00:14.303  render           | Saved: 'showcase/v8.1-walk-respin-2/iteration-4/.walk-relaxed-v8-1-respin-side.frames/frame_0012.png'
00:15.044  render           | Saved: 'showcase/v8.1-walk-respin-2/iteration-4/.walk-relaxed-v8-1-respin-side.frames/frame_0013.png'
00:15.889  render           | Saved: 'showcase/v8.1-walk-respin-2/iteration-4/.walk-relaxed-v8-1-respin-side.frames/frame_0014.png'
00:16.701  render           | Saved: 'showcase/v8.1-walk-respin-2/iteration-4/.walk-relaxed-v8-1-respin-side.frames/frame_0015.png'
00:17.455  render           | Saved: 'showcase/v8.1-walk-respin-2/iteration-4/.walk-relaxed-v8-1-respin-side.frames/frame_0016.png'
00:18.210  render           | Saved: 'showcase/v8.1-walk-respin-2/iteration-4/.walk-relaxed-v8-1-respin-side.frames/frame_0017.png'
00:19.015  render           | Saved: 'showcase/v8.1-walk-respin-2/iteration-4/.walk-relaxed-v8-1-respin-side.frames/frame_0018.png'
00:19.811  render           | Saved: 'showcase/v8.1-walk-respin-2/iteration-4/.walk-relaxed-v8-1-respin-side.frames/frame_0019.png'
00:20.564  render           | Saved: 'showcase/v8.1-walk-respin-2/iteration-4/.walk-relaxed-v8-1-respin-side.frames/frame_0020.png'
00:21.345  render           | Saved: 'showcase/v8.1-walk-respin-2/iteration-4/.walk-relaxed-v8-1-respin-side.frames/frame_0021.png'
00:22.111  render           | Saved: 'showcase/v8.1-walk-respin-2/iteration-4/.walk-relaxed-v8-1-respin-side.frames/frame_0022.png'
00:22.860  render           | Saved: 'showcase/v8.1-walk-respin-2/iteration-4/.walk-relaxed-v8-1-respin-side.frames/frame_0023.png'
00:23.692  render           | Saved: 'showcase/v8.1-walk-respin-2/iteration-4/.walk-relaxed-v8-1-respin-side.frames/frame_0024.png'
00:24.448  render           | Saved: 'showcase/v8.1-walk-respin-2/iteration-4/.walk-relaxed-v8-1-respin-side.frames/frame_0025.png'
00:25.215  render           | Saved: 'showcase/v8.1-walk-respin-2/iteration-4/.walk-relaxed-v8-1-respin-side.frames/frame_0026.png'
00:25.962  render           | Saved: 'showcase/v8.1-walk-respin-2/iteration-4/.walk-relaxed-v8-1-respin-side.frames/frame_0027.png'
00:26.758  render           | Saved: 'showcase/v8.1-walk-respin-2/iteration-4/.walk-relaxed-v8-1-respin-side.frames/frame_0028.png'
00:27.510  render           | Saved: 'showcase/v8.1-walk-respin-2/iteration-4/.walk-relaxed-v8-1-respin-side.frames/frame_0029.png'
00:28.260  render           | Saved: 'showcase/v8.1-walk-respin-2/iteration-4/.walk-relaxed-v8-1-respin-side.frames/frame_0030.png'
00:28.994  render           | Saved: 'showcase/v8.1-walk-respin-2/iteration-4/.walk-relaxed-v8-1-respin-side.frames/frame_0031.png'
00:29.744  render           | Saved: 'showcase/v8.1-walk-respin-2/iteration-4/.walk-relaxed-v8-1-respin-side.frames/frame_0032.png'
00:30.554  render           | Saved: 'showcase/v8.1-walk-respin-2/iteration-4/.walk-relaxed-v8-1-respin-side.frames/frame_0033.png'
00:31.311  render           | Saved: 'showcase/v8.1-walk-respin-2/iteration-4/.walk-relaxed-v8-1-respin-side.frames/frame_0034.png'
00:32.066  render           | Saved: 'showcase/v8.1-walk-respin-2/iteration-4/.walk-relaxed-v8-1-respin-side.frames/frame_0035.png'
00:32.856  render           | Saved: 'showcase/v8.1-walk-respin-2/iteration-4/.walk-relaxed-v8-1-respin-side.frames/frame_0036.png'
00:33.640  render           | Saved: 'showcase/v8.1-walk-respin-2/iteration-4/.walk-relaxed-v8-1-respin-side.frames/frame_0037.png'
00:34.561  render           | Saved: 'showcase/v8.1-walk-respin-2/iteration-4/.walk-relaxed-v8-1-respin-side.frames/frame_0038.png'
00:35.494  render           | Saved: 'showcase/v8.1-walk-respin-2/iteration-4/.walk-relaxed-v8-1-respin-side.frames/frame_0039.png'
00:36.386  render           | Saved: 'showcase/v8.1-walk-respin-2/iteration-4/.walk-relaxed-v8-1-respin-side.frames/frame_0040.png'
00:37.247  render           | Saved: 'showcase/v8.1-walk-respin-2/iteration-4/.walk-relaxed-v8-1-respin-side.frames/frame_0041.png'
00:38.006  render           | Saved: 'showcase/v8.1-walk-respin-2/iteration-4/.walk-relaxed-v8-1-respin-side.frames/frame_0042.png'
00:38.782  render           | Saved: 'showcase/v8.1-walk-respin-2/iteration-4/.walk-relaxed-v8-1-respin-side.frames/frame_0043.png'
00:39.568  render           | Saved: 'showcase/v8.1-walk-respin-2/iteration-4/.walk-relaxed-v8-1-respin-side.frames/frame_0044.png'
00:40.380  render           | Saved: 'showcase/v8.1-walk-respin-2/iteration-4/.walk-relaxed-v8-1-respin-side.frames/frame_0045.png'
00:41.161  render           | Saved: 'showcase/v8.1-walk-respin-2/iteration-4/.walk-relaxed-v8-1-respin-side.frames/frame_0046.png'
00:41.963  render           | Saved: 'showcase/v8.1-walk-respin-2/iteration-4/.walk-relaxed-v8-1-respin-side.frames/frame_0047.png'
00:42.758  render           | Saved: 'showcase/v8.1-walk-respin-2/iteration-4/.walk-relaxed-v8-1-respin-side.frames/frame_0048.png'
00:43.638  render           | Saved: 'showcase/v8.1-walk-respin-2/iteration-4/.walk-relaxed-v8-1-respin-side.frames/frame_0049.png'
00:44.538  render           | Saved: 'showcase/v8.1-walk-respin-2/iteration-4/.walk-relaxed-v8-1-respin-side.frames/frame_0050.png'
00:45.514  render           | Saved: 'showcase/v8.1-walk-respin-2/iteration-4/.walk-relaxed-v8-1-respin-side.frames/frame_0051.png'
00:46.359  render           | Saved: 'showcase/v8.1-walk-respin-2/iteration-4/.walk-relaxed-v8-1-respin-side.frames/frame_0052.png'
00:47.238  render           | Saved: 'showcase/v8.1-walk-respin-2/iteration-4/.walk-relaxed-v8-1-respin-side.frames/frame_0053.png'
00:48.047  render           | Saved: 'showcase/v8.1-walk-respin-2/iteration-4/.walk-relaxed-v8-1-respin-side.frames/frame_0054.png'
00:48.934  render           | Saved: 'showcase/v8.1-walk-respin-2/iteration-4/.walk-relaxed-v8-1-respin-side.frames/frame_0055.png'
00:49.742  render           | Saved: 'showcase/v8.1-walk-respin-2/iteration-4/.walk-relaxed-v8-1-respin-side.frames/frame_0056.png'
00:50.526  render           | Saved: 'showcase/v8.1-walk-respin-2/iteration-4/.walk-relaxed-v8-1-respin-side.frames/frame_0057.png'
00:51.315  render           | Saved: 'showcase/v8.1-walk-respin-2/iteration-4/.walk-relaxed-v8-1-respin-side.frames/frame_0058.png'
00:52.075  render           | Saved: 'showcase/v8.1-walk-respin-2/iteration-4/.walk-relaxed-v8-1-respin-side.frames/frame_0059.png'
00:52.939  render           | Saved: 'showcase/v8.1-walk-respin-2/iteration-4/.walk-relaxed-v8-1-respin-side.frames/frame_0060.png'
00:53.753  render           | Saved: 'showcase/v8.1-walk-respin-2/iteration-4/.walk-relaxed-v8-1-respin-side.frames/frame_0061.png'
00:54.552  render           | Saved: 'showcase/v8.1-walk-respin-2/iteration-4/.walk-relaxed-v8-1-respin-side.frames/frame_0062.png'
00:55.322  render           | Saved: 'showcase/v8.1-walk-respin-2/iteration-4/.walk-relaxed-v8-1-respin-side.frames/frame_0063.png'
00:56.202  render           | Saved: 'showcase/v8.1-walk-respin-2/iteration-4/.walk-relaxed-v8-1-respin-side.frames/frame_0064.png'
00:57.103  render           | Saved: 'showcase/v8.1-walk-respin-2/iteration-4/.walk-relaxed-v8-1-respin-side.frames/frame_0065.png'
00:57.961  render           | Saved: 'showcase/v8.1-walk-respin-2/iteration-4/.walk-relaxed-v8-1-respin-side.frames/frame_0066.png'
00:58.791  render           | Saved: 'showcase/v8.1-walk-respin-2/iteration-4/.walk-relaxed-v8-1-respin-side.frames/frame_0067.png'
00:59.564  render           | Saved: 'showcase/v8.1-walk-respin-2/iteration-4/.walk-relaxed-v8-1-respin-side.frames/frame_0068.png'
01:00.396  render           | Saved: 'showcase/v8.1-walk-respin-2/iteration-4/.walk-relaxed-v8-1-respin-side.frames/frame_0069.png'
01:01.383  render           | Saved: 'showcase/v8.1-walk-respin-2/iteration-4/.walk-relaxed-v8-1-respin-side.frames/frame_0070.png'
01:02.433  render           | Saved: 'showcase/v8.1-walk-respin-2/iteration-4/.walk-relaxed-v8-1-respin-side.frames/frame_0071.png'
01:03.397  render           | Saved: 'showcase/v8.1-walk-respin-2/iteration-4/.walk-relaxed-v8-1-respin-side.frames/frame_0072.png'
01:04.326  render           | Saved: 'showcase/v8.1-walk-respin-2/iteration-4/.walk-relaxed-v8-1-respin-side.frames/frame_0073.png'
01:05.274  render           | Saved: 'showcase/v8.1-walk-respin-2/iteration-4/.walk-relaxed-v8-1-respin-side.frames/frame_0074.png'
01:06.257  render           | Saved: 'showcase/v8.1-walk-respin-2/iteration-4/.walk-relaxed-v8-1-respin-side.frames/frame_0075.png'
01:07.324  render           | Saved: 'showcase/v8.1-walk-respin-2/iteration-4/.walk-relaxed-v8-1-respin-side.frames/frame_0076.png'
01:08.461  render           | Saved: 'showcase/v8.1-walk-respin-2/iteration-4/.walk-relaxed-v8-1-respin-side.frames/frame_0077.png'
01:09.597  render           | Saved: 'showcase/v8.1-walk-respin-2/iteration-4/.walk-relaxed-v8-1-respin-side.frames/frame_0078.png'
01:10.860  render           | Saved: 'showcase/v8.1-walk-respin-2/iteration-4/.walk-relaxed-v8-1-respin-side.frames/frame_0079.png'
01:12.145  render           | Saved: 'showcase/v8.1-walk-respin-2/iteration-4/.walk-relaxed-v8-1-respin-side.frames/frame_0080.png'
01:13.421  render           | Saved: 'showcase/v8.1-walk-respin-2/iteration-4/.walk-relaxed-v8-1-respin-side.frames/frame_0081.png'
01:14.607  render           | Saved: 'showcase/v8.1-walk-respin-2/iteration-4/.walk-relaxed-v8-1-respin-side.frames/frame_0082.png'
01:16.036  render           | Saved: 'showcase/v8.1-walk-respin-2/iteration-4/.walk-relaxed-v8-1-respin-side.frames/frame_0083.png'
01:17.208  render           | Saved: 'showcase/v8.1-walk-respin-2/iteration-4/.walk-relaxed-v8-1-respin-side.frames/frame_0084.png'
01:18.409  render           | Saved: 'showcase/v8.1-walk-respin-2/iteration-4/.walk-relaxed-v8-1-respin-side.frames/frame_0085.png'
01:19.461  render           | Saved: 'showcase/v8.1-walk-respin-2/iteration-4/.walk-relaxed-v8-1-respin-side.frames/frame_0086.png'
01:20.457  render           | Saved: 'showcase/v8.1-walk-respin-2/iteration-4/.walk-relaxed-v8-1-respin-side.frames/frame_0087.png'
01:21.400  render           | Saved: 'showcase/v8.1-walk-respin-2/iteration-4/.walk-relaxed-v8-1-respin-side.frames/frame_0088.png'
01:22.497  render           | Saved: 'showcase/v8.1-walk-respin-2/iteration-4/.walk-relaxed-v8-1-respin-side.frames/frame_0089.png'
01:23.567  render           | Saved: 'showcase/v8.1-walk-respin-2/iteration-4/.walk-relaxed-v8-1-respin-side.frames/frame_0090.png'
01:24.570  render           | Saved: 'showcase/v8.1-walk-respin-2/iteration-4/.walk-relaxed-v8-1-respin-side.frames/frame_0091.png'
01:25.524  render           | Saved: 'showcase/v8.1-walk-respin-2/iteration-4/.walk-relaxed-v8-1-respin-side.frames/frame_0092.png'
01:26.477  render           | Saved: 'showcase/v8.1-walk-respin-2/iteration-4/.walk-relaxed-v8-1-respin-side.frames/frame_0093.png'
01:27.479  render           | Saved: 'showcase/v8.1-walk-respin-2/iteration-4/.walk-relaxed-v8-1-respin-side.frames/frame_0094.png'
01:28.450  render           | Saved: 'showcase/v8.1-walk-respin-2/iteration-4/.walk-relaxed-v8-1-respin-side.frames/frame_0095.png'
01:29.622  render           | Saved: 'showcase/v8.1-walk-respin-2/iteration-4/.walk-relaxed-v8-1-respin-side.frames/frame_0096.png'
01:30.785  render           | Saved: 'showcase/v8.1-walk-respin-2/iteration-4/.walk-relaxed-v8-1-respin-side.frames/frame_0097.png'
01:32.000  render           | Saved: 'showcase/v8.1-walk-respin-2/iteration-4/.walk-relaxed-v8-1-respin-side.frames/frame_0098.png'
{
  "renderer": "Blender candidate-owned walk-only wrapper",
  "blenderVersion": "5.2.0 LTS",
  "acceptedRendererReadOnly": "/Volumes/m2-extended-disk/Repos/eonwild-factory/showcase/v8.1/render_v8_1_blender.py",
  "inputGlb": "/Volumes/m2-extended-disk/Repos/eonwild-factory/candidates/v8.1-walk-respin-2/generated/iteration-38/tarbosaurus_procedural_v8_1_walk_respin.glb",
  "inputGlbSha256": "1b9a7d071c1b375e128beeb5bda68298e32b39aac3ea76a90afe7ca3f744b73e",
  "manifest": "/Volumes/m2-extended-disk/Repos/eonwild-factory/candidates/v8.1-walk-respin-2/generated/iteration-38/animation-manifest.v8.1-walk-respin.json",
  "clip": "PROC_WALK_RELAXED_V8_1_RESPIN_ROOTMOTION",
  "durationSeconds": 10.0,
  "fps": 24,
  "frameCount": 240,
  "resolution": [
    960,
    540
  ],
  "view": "side",
  "targetProxyRendered": false,
  "contactReadabilityStage": {
    "groundBaseColor": [
      0.32,
      0.34,
      0.34,
      1.0
    ],
    "groundRoughness": 0.92,
    "lighting": "lighter neutral floor retained solely to expose metatarsal rise and toe-only contact shadow"
  },
  "onlyEditorialMedia": "/Volumes/m2-extended-disk/Repos/eonwild-factory/showcase/v8.1-walk-respin-2/iteration-4/walk-relaxed-v8-1-respin-side.mp4",
  "boundsM": {
    "min": [
      -1.455668330192566,
      -11.17465591430664,
      -1.0
    ],
    "max": [
      1.7228431701660156,
      6.029777526855469,
      3.4242465496063232
    ]
  },
  "animationDataPolicy": "candidate GLB imported read-only; no action channels changed"
}
Blender 5.2.0 LTS (hash fbe6228777e7 built 2026-07-14 01:31:22)

Blender quit
