02:42:38 | INFO: Data are loaded, start creating Blender stuff
02:42:38 | INFO: Blender create Mesh node Mesh_0
02:42:38 | INFO: glTF import finished in 0.34s
/Volumes/m2-extended-disk/Repos/eonwild-factory/candidates/v8.1-walk-respin-2/scripts/render_walk_respin_2_blender.py:18: DeprecationWarning: 'Material.use_nodes' is expected to be removed in Blender 6.0
  material.use_nodes = True
00:03.414  render           | Saved: 'showcase/v8.1-walk-respin-2/iteration-1/.walk-relaxed-v8-1-respin-side.frames/frame_0001.png'
00:04.328  render           | Saved: 'showcase/v8.1-walk-respin-2/iteration-1/.walk-relaxed-v8-1-respin-side.frames/frame_0002.png'
00:05.231  render           | Saved: 'showcase/v8.1-walk-respin-2/iteration-1/.walk-relaxed-v8-1-respin-side.frames/frame_0003.png'
00:06.102  render           | Saved: 'showcase/v8.1-walk-respin-2/iteration-1/.walk-relaxed-v8-1-respin-side.frames/frame_0004.png'
00:07.088  render           | Saved: 'showcase/v8.1-walk-respin-2/iteration-1/.walk-relaxed-v8-1-respin-side.frames/frame_0005.png'
00:08.021  render           | Saved: 'showcase/v8.1-walk-respin-2/iteration-1/.walk-relaxed-v8-1-respin-side.frames/frame_0006.png'
00:09.029  render           | Saved: 'showcase/v8.1-walk-respin-2/iteration-1/.walk-relaxed-v8-1-respin-side.frames/frame_0007.png'
00:09.936  render           | Saved: 'showcase/v8.1-walk-respin-2/iteration-1/.walk-relaxed-v8-1-respin-side.frames/frame_0008.png'
00:10.876  render           | Saved: 'showcase/v8.1-walk-respin-2/iteration-1/.walk-relaxed-v8-1-respin-side.frames/frame_0009.png'
00:11.778  render           | Saved: 'showcase/v8.1-walk-respin-2/iteration-1/.walk-relaxed-v8-1-respin-side.frames/frame_0010.png'
00:12.732  render           | Saved: 'showcase/v8.1-walk-respin-2/iteration-1/.walk-relaxed-v8-1-respin-side.frames/frame_0011.png'
00:13.833  render           | Saved: 'showcase/v8.1-walk-respin-2/iteration-1/.walk-relaxed-v8-1-respin-side.frames/frame_0012.png'
00:14.900  render           | Saved: 'showcase/v8.1-walk-respin-2/iteration-1/.walk-relaxed-v8-1-respin-side.frames/frame_0013.png'
00:15.981  render           | Saved: 'showcase/v8.1-walk-respin-2/iteration-1/.walk-relaxed-v8-1-respin-side.frames/frame_0014.png'
00:17.164  render           | Saved: 'showcase/v8.1-walk-respin-2/iteration-1/.walk-relaxed-v8-1-respin-side.frames/frame_0015.png'
00:18.265  render           | Saved: 'showcase/v8.1-walk-respin-2/iteration-1/.walk-relaxed-v8-1-respin-side.frames/frame_0016.png'
00:19.345  render           | Saved: 'showcase/v8.1-walk-respin-2/iteration-1/.walk-relaxed-v8-1-respin-side.frames/frame_0017.png'
00:20.374  render           | Saved: 'showcase/v8.1-walk-respin-2/iteration-1/.walk-relaxed-v8-1-respin-side.frames/frame_0018.png'
00:21.411  render           | Saved: 'showcase/v8.1-walk-respin-2/iteration-1/.walk-relaxed-v8-1-respin-side.frames/frame_0019.png'
00:22.408  render           | Saved: 'showcase/v8.1-walk-respin-2/iteration-1/.walk-relaxed-v8-1-respin-side.frames/frame_0020.png'
00:23.489  render           | Saved: 'showcase/v8.1-walk-respin-2/iteration-1/.walk-relaxed-v8-1-respin-side.frames/frame_0021.png'
00:24.678  render           | Saved: 'showcase/v8.1-walk-respin-2/iteration-1/.walk-relaxed-v8-1-respin-side.frames/frame_0022.png'
00:25.961  render           | Saved: 'showcase/v8.1-walk-respin-2/iteration-1/.walk-relaxed-v8-1-respin-side.frames/frame_0023.png'
00:27.162  render           | Saved: 'showcase/v8.1-walk-respin-2/iteration-1/.walk-relaxed-v8-1-respin-side.frames/frame_0024.png'
00:28.259  render           | Saved: 'showcase/v8.1-walk-respin-2/iteration-1/.walk-relaxed-v8-1-respin-side.frames/frame_0025.png'
00:29.272  render           | Saved: 'showcase/v8.1-walk-respin-2/iteration-1/.walk-relaxed-v8-1-respin-side.frames/frame_0026.png'
00:30.227  render           | Saved: 'showcase/v8.1-walk-respin-2/iteration-1/.walk-relaxed-v8-1-respin-side.frames/frame_0027.png'
00:31.249  render           | Saved: 'showcase/v8.1-walk-respin-2/iteration-1/.walk-relaxed-v8-1-respin-side.frames/frame_0028.png'
00:32.382  render           | Saved: 'showcase/v8.1-walk-respin-2/iteration-1/.walk-relaxed-v8-1-respin-side.frames/frame_0029.png'
00:33.409  render           | Saved: 'showcase/v8.1-walk-respin-2/iteration-1/.walk-relaxed-v8-1-respin-side.frames/frame_0030.png'
00:34.422  render           | Saved: 'showcase/v8.1-walk-respin-2/iteration-1/.walk-relaxed-v8-1-respin-side.frames/frame_0031.png'
00:35.457  render           | Saved: 'showcase/v8.1-walk-respin-2/iteration-1/.walk-relaxed-v8-1-respin-side.frames/frame_0032.png'
00:36.569  render           | Saved: 'showcase/v8.1-walk-respin-2/iteration-1/.walk-relaxed-v8-1-respin-side.frames/frame_0033.png'
00:37.656  render           | Saved: 'showcase/v8.1-walk-respin-2/iteration-1/.walk-relaxed-v8-1-respin-side.frames/frame_0034.png'
00:38.744  render           | Saved: 'showcase/v8.1-walk-respin-2/iteration-1/.walk-relaxed-v8-1-respin-side.frames/frame_0035.png'
00:39.841  render           | Saved: 'showcase/v8.1-walk-respin-2/iteration-1/.walk-relaxed-v8-1-respin-side.frames/frame_0036.png'
00:40.898  render           | Saved: 'showcase/v8.1-walk-respin-2/iteration-1/.walk-relaxed-v8-1-respin-side.frames/frame_0037.png'
00:41.831  render           | Saved: 'showcase/v8.1-walk-respin-2/iteration-1/.walk-relaxed-v8-1-respin-side.frames/frame_0038.png'
00:42.964  render           | Saved: 'showcase/v8.1-walk-respin-2/iteration-1/.walk-relaxed-v8-1-respin-side.frames/frame_0039.png'
00:44.132  render           | Saved: 'showcase/v8.1-walk-respin-2/iteration-1/.walk-relaxed-v8-1-respin-side.frames/frame_0040.png'
00:45.269  render           | Saved: 'showcase/v8.1-walk-respin-2/iteration-1/.walk-relaxed-v8-1-respin-side.frames/frame_0041.png'
00:46.399  render           | Saved: 'showcase/v8.1-walk-respin-2/iteration-1/.walk-relaxed-v8-1-respin-side.frames/frame_0042.png'
00:47.411  render           | Saved: 'showcase/v8.1-walk-respin-2/iteration-1/.walk-relaxed-v8-1-respin-side.frames/frame_0043.png'
00:48.583  render           | Saved: 'showcase/v8.1-walk-respin-2/iteration-1/.walk-relaxed-v8-1-respin-side.frames/frame_0044.png'
00:49.842  render           | Saved: 'showcase/v8.1-walk-respin-2/iteration-1/.walk-relaxed-v8-1-respin-side.frames/frame_0045.png'
00:50.994  render           | Saved: 'showcase/v8.1-walk-respin-2/iteration-1/.walk-relaxed-v8-1-respin-side.frames/frame_0046.png'
00:52.079  render           | Saved: 'showcase/v8.1-walk-respin-2/iteration-1/.walk-relaxed-v8-1-respin-side.frames/frame_0047.png'
00:53.108  render           | Saved: 'showcase/v8.1-walk-respin-2/iteration-1/.walk-relaxed-v8-1-respin-side.frames/frame_0048.png'
00:54.536  render           | Saved: 'showcase/v8.1-walk-respin-2/iteration-1/.walk-relaxed-v8-1-respin-side.frames/frame_0049.png'
00:55.873  render           | Saved: 'showcase/v8.1-walk-respin-2/iteration-1/.walk-relaxed-v8-1-respin-side.frames/frame_0050.png'
00:57.010  render           | Saved: 'showcase/v8.1-walk-respin-2/iteration-1/.walk-relaxed-v8-1-respin-side.frames/frame_0051.png'
00:58.303  render           | Saved: 'showcase/v8.1-walk-respin-2/iteration-1/.walk-relaxed-v8-1-respin-side.frames/frame_0052.png'
00:59.818  render           | Saved: 'showcase/v8.1-walk-respin-2/iteration-1/.walk-relaxed-v8-1-respin-side.frames/frame_0053.png'
01:01.144  render           | Saved: 'showcase/v8.1-walk-respin-2/iteration-1/.walk-relaxed-v8-1-respin-side.frames/frame_0054.png'
01:02.531  render           | Saved: 'showcase/v8.1-walk-respin-2/iteration-1/.walk-relaxed-v8-1-respin-side.frames/frame_0055.png'
01:03.851  render           | Saved: 'showcase/v8.1-walk-respin-2/iteration-1/.walk-relaxed-v8-1-respin-side.frames/frame_0056.png'
01:05.142  render           | Saved: 'showcase/v8.1-walk-respin-2/iteration-1/.walk-relaxed-v8-1-respin-side.frames/frame_0057.png'
01:06.327  render           | Saved: 'showcase/v8.1-walk-respin-2/iteration-1/.walk-relaxed-v8-1-respin-side.frames/frame_0058.png'
01:07.512  render           | Saved: 'showcase/v8.1-walk-respin-2/iteration-1/.walk-relaxed-v8-1-respin-side.frames/frame_0059.png'
01:08.894  render           | Saved: 'showcase/v8.1-walk-respin-2/iteration-1/.walk-relaxed-v8-1-respin-side.frames/frame_0060.png'
01:10.349  render           | Saved: 'showcase/v8.1-walk-respin-2/iteration-1/.walk-relaxed-v8-1-respin-side.frames/frame_0061.png'
01:11.548  render           | Saved: 'showcase/v8.1-walk-respin-2/iteration-1/.walk-relaxed-v8-1-respin-side.frames/frame_0062.png'
01:12.726  render           | Saved: 'showcase/v8.1-walk-respin-2/iteration-1/.walk-relaxed-v8-1-respin-side.frames/frame_0063.png'
01:14.819  render           | Saved: 'showcase/v8.1-walk-respin-2/iteration-1/.walk-relaxed-v8-1-respin-side.frames/frame_0064.png'
01:16.287  render           | Saved: 'showcase/v8.1-walk-respin-2/iteration-1/.walk-relaxed-v8-1-respin-side.frames/frame_0065.png'
01:17.606  render           | Saved: 'showcase/v8.1-walk-respin-2/iteration-1/.walk-relaxed-v8-1-respin-side.frames/frame_0066.png'
01:19.153  render           | Saved: 'showcase/v8.1-walk-respin-2/iteration-1/.walk-relaxed-v8-1-respin-side.frames/frame_0067.png'
01:20.731  render           | Saved: 'showcase/v8.1-walk-respin-2/iteration-1/.walk-relaxed-v8-1-respin-side.frames/frame_0068.png'
01:22.061  render           | Saved: 'showcase/v8.1-walk-respin-2/iteration-1/.walk-relaxed-v8-1-respin-side.frames/frame_0069.png'
01:23.435  render           | Saved: 'showcase/v8.1-walk-respin-2/iteration-1/.walk-relaxed-v8-1-respin-side.frames/frame_0070.png'
01:25.446  render           | Saved: 'showcase/v8.1-walk-respin-2/iteration-1/.walk-relaxed-v8-1-respin-side.frames/frame_0071.png'
01:26.813  render           | Saved: 'showcase/v8.1-walk-respin-2/iteration-1/.walk-relaxed-v8-1-respin-side.frames/frame_0072.png'
01:28.535  render           | Saved: 'showcase/v8.1-walk-respin-2/iteration-1/.walk-relaxed-v8-1-respin-side.frames/frame_0073.png'
01:30.170  render           | Saved: 'showcase/v8.1-walk-respin-2/iteration-1/.walk-relaxed-v8-1-respin-side.frames/frame_0074.png'
01:31.500  render           | Saved: 'showcase/v8.1-walk-respin-2/iteration-1/.walk-relaxed-v8-1-respin-side.frames/frame_0075.png'
01:33.415  render           | Saved: 'showcase/v8.1-walk-respin-2/iteration-1/.walk-relaxed-v8-1-respin-side.frames/frame_0076.png'
01:34.911  render           | Saved: 'showcase/v8.1-walk-respin-2/iteration-1/.walk-relaxed-v8-1-respin-side.frames/frame_0077.png'
01:36.375  render           | Saved: 'showcase/v8.1-walk-respin-2/iteration-1/.walk-relaxed-v8-1-respin-side.frames/frame_0078.png'
01:37.873  render           | Saved: 'showcase/v8.1-walk-respin-2/iteration-1/.walk-relaxed-v8-1-respin-side.frames/frame_0079.png'
01:39.449  render           | Saved: 'showcase/v8.1-walk-respin-2/iteration-1/.walk-relaxed-v8-1-respin-side.frames/frame_0080.png'
01:41.026  render           | Saved: 'showcase/v8.1-walk-respin-2/iteration-1/.walk-relaxed-v8-1-respin-side.frames/frame_0081.png'
01:42.718  render           | Saved: 'showcase/v8.1-walk-respin-2/iteration-1/.walk-relaxed-v8-1-respin-side.frames/frame_0082.png'
01:45.301  render           | Saved: 'showcase/v8.1-walk-respin-2/iteration-1/.walk-relaxed-v8-1-respin-side.frames/frame_0083.png'
01:46.792  render           | Saved: 'showcase/v8.1-walk-respin-2/iteration-1/.walk-relaxed-v8-1-respin-side.frames/frame_0084.png'
01:48.277  render           | Saved: 'showcase/v8.1-walk-respin-2/iteration-1/.walk-relaxed-v8-1-respin-side.frames/frame_0085.png'
01:50.201  render           | Saved: 'showcase/v8.1-walk-respin-2/iteration-1/.walk-relaxed-v8-1-respin-side.frames/frame_0086.png'
01:52.078  render           | Saved: 'showcase/v8.1-walk-respin-2/iteration-1/.walk-relaxed-v8-1-respin-side.frames/frame_0087.png'
01:54.084  render           | Saved: 'showcase/v8.1-walk-respin-2/iteration-1/.walk-relaxed-v8-1-respin-side.frames/frame_0088.png'
01:55.978  render           | Saved: 'showcase/v8.1-walk-respin-2/iteration-1/.walk-relaxed-v8-1-respin-side.frames/frame_0089.png'
01:57.379  render           | Saved: 'showcase/v8.1-walk-respin-2/iteration-1/.walk-relaxed-v8-1-respin-side.frames/frame_0090.png'
01:58.980  render           | Saved: 'showcase/v8.1-walk-respin-2/iteration-1/.walk-relaxed-v8-1-respin-side.frames/frame_0091.png'
02:00.865  render           | Saved: 'showcase/v8.1-walk-respin-2/iteration-1/.walk-relaxed-v8-1-respin-side.frames/frame_0092.png'
02:02.753  render           | Saved: 'showcase/v8.1-walk-respin-2/iteration-1/.walk-relaxed-v8-1-respin-side.frames/frame_0093.png'
02:05.391  render           | Saved: 'showcase/v8.1-walk-respin-2/iteration-1/.walk-relaxed-v8-1-respin-side.frames/frame_0094.png'
02:08.840  render           | Saved: 'showcase/v8.1-walk-respin-2/iteration-1/.walk-relaxed-v8-1-respin-side.frames/frame_0095.png'
02:11.148  render           | Saved: 'showcase/v8.1-walk-respin-2/iteration-1/.walk-relaxed-v8-1-respin-side.frames/frame_0096.png'
02:12.743  render           | Saved: 'showcase/v8.1-walk-respin-2/iteration-1/.walk-relaxed-v8-1-respin-side.frames/frame_0097.png'
02:14.675  render           | Saved: 'showcase/v8.1-walk-respin-2/iteration-1/.walk-relaxed-v8-1-respin-side.frames/frame_0098.png'
{
  "renderer": "Blender candidate-owned walk-only wrapper",
  "blenderVersion": "5.2.0 LTS",
  "acceptedRendererReadOnly": "/Volumes/m2-extended-disk/Repos/eonwild-factory/showcase/v8.1/render_v8_1_blender.py",
  "inputGlb": "/Volumes/m2-extended-disk/Repos/eonwild-factory/candidates/v8.1-walk-respin-2/generated/iteration-15/tarbosaurus_procedural_v8_1_walk_respin.glb",
  "inputGlbSha256": "4db8abd15c796c14057910b8c11a7f99209fe3e3b1d96fb9f956df8aee9c7e7a",
  "manifest": "/Volumes/m2-extended-disk/Repos/eonwild-factory/candidates/v8.1-walk-respin-2/generated/iteration-15/animation-manifest.v8.1-walk-respin.json",
  "clip": "PROC_WALK_RELAXED_V8_1_RESPIN_ROOTMOTION",
  "durationSeconds": 10.0,
  "fps": 24,
  "frameCount": 240,
  "resolution": [
    960,
    540
  ],
  "view": "side",
  "targetProxyRendered": false,
  "contactReadabilityStage": {
    "groundBaseColor": [
      0.32,
      0.34,
      0.34,
      1.0
    ],
    "groundRoughness": 0.92,
    "lighting": "lighter neutral floor retained solely to expose metatarsal rise and toe-only contact shadow"
  },
  "onlyEditorialMedia": "/Volumes/m2-extended-disk/Repos/eonwild-factory/showcase/v8.1-walk-respin-2/iteration-1/walk-relaxed-v8-1-respin-side.mp4",
  "boundsM": {
    "min": [
      -1.455668330192566,
      -11.17465591430664,
      -1.0
    ],
    "max": [
      1.7228491306304932,
      6.029777526855469,
      3.4242465496063232
    ]
  },
  "animationDataPolicy": "candidate GLB imported read-only; no action channels changed"
}
Blender 5.2.0 LTS (hash fbe6228777e7 built 2026-07-14 01:31:22)

Blender quit
