02:54:03 | INFO: Data are loaded, start creating Blender stuff
02:54:03 | INFO: Blender create Mesh node Mesh_0
02:54:04 | INFO: glTF import finished in 0.34s
/Volumes/m2-extended-disk/Repos/eonwild-factory/candidates/v8.1-walk-respin-2/scripts/render_walk_respin_2_blender.py:18: DeprecationWarning: 'Material.use_nodes' is expected to be removed in Blender 6.0
  material.use_nodes = True
00:06.154  render           | Saved: 'showcase/v8.1-walk-respin-2/iteration-2/.walk-relaxed-v8-1-respin-side.frames/frame_0001.png'
00:06.961  render           | Saved: 'showcase/v8.1-walk-respin-2/iteration-2/.walk-relaxed-v8-1-respin-side.frames/frame_0002.png'
00:07.781  render           | Saved: 'showcase/v8.1-walk-respin-2/iteration-2/.walk-relaxed-v8-1-respin-side.frames/frame_0003.png'
00:08.602  render           | Saved: 'showcase/v8.1-walk-respin-2/iteration-2/.walk-relaxed-v8-1-respin-side.frames/frame_0004.png'
00:09.465  render           | Saved: 'showcase/v8.1-walk-respin-2/iteration-2/.walk-relaxed-v8-1-respin-side.frames/frame_0005.png'
00:10.370  render           | Saved: 'showcase/v8.1-walk-respin-2/iteration-2/.walk-relaxed-v8-1-respin-side.frames/frame_0006.png'
00:11.204  render           | Saved: 'showcase/v8.1-walk-respin-2/iteration-2/.walk-relaxed-v8-1-respin-side.frames/frame_0007.png'
00:12.096  render           | Saved: 'showcase/v8.1-walk-respin-2/iteration-2/.walk-relaxed-v8-1-respin-side.frames/frame_0008.png'
00:12.942  render           | Saved: 'showcase/v8.1-walk-respin-2/iteration-2/.walk-relaxed-v8-1-respin-side.frames/frame_0009.png'
00:13.789  render           | Saved: 'showcase/v8.1-walk-respin-2/iteration-2/.walk-relaxed-v8-1-respin-side.frames/frame_0010.png'
00:14.685  render           | Saved: 'showcase/v8.1-walk-respin-2/iteration-2/.walk-relaxed-v8-1-respin-side.frames/frame_0011.png'
00:15.582  render           | Saved: 'showcase/v8.1-walk-respin-2/iteration-2/.walk-relaxed-v8-1-respin-side.frames/frame_0012.png'
00:16.441  render           | Saved: 'showcase/v8.1-walk-respin-2/iteration-2/.walk-relaxed-v8-1-respin-side.frames/frame_0013.png'
00:17.349  render           | Saved: 'showcase/v8.1-walk-respin-2/iteration-2/.walk-relaxed-v8-1-respin-side.frames/frame_0014.png'
00:18.213  render           | Saved: 'showcase/v8.1-walk-respin-2/iteration-2/.walk-relaxed-v8-1-respin-side.frames/frame_0015.png'
00:19.054  render           | Saved: 'showcase/v8.1-walk-respin-2/iteration-2/.walk-relaxed-v8-1-respin-side.frames/frame_0016.png'
00:19.921  render           | Saved: 'showcase/v8.1-walk-respin-2/iteration-2/.walk-relaxed-v8-1-respin-side.frames/frame_0017.png'
00:20.780  render           | Saved: 'showcase/v8.1-walk-respin-2/iteration-2/.walk-relaxed-v8-1-respin-side.frames/frame_0018.png'
00:21.629  render           | Saved: 'showcase/v8.1-walk-respin-2/iteration-2/.walk-relaxed-v8-1-respin-side.frames/frame_0019.png'
00:22.472  render           | Saved: 'showcase/v8.1-walk-respin-2/iteration-2/.walk-relaxed-v8-1-respin-side.frames/frame_0020.png'
00:23.352  render           | Saved: 'showcase/v8.1-walk-respin-2/iteration-2/.walk-relaxed-v8-1-respin-side.frames/frame_0021.png'
00:24.222  render           | Saved: 'showcase/v8.1-walk-respin-2/iteration-2/.walk-relaxed-v8-1-respin-side.frames/frame_0022.png'
00:25.132  render           | Saved: 'showcase/v8.1-walk-respin-2/iteration-2/.walk-relaxed-v8-1-respin-side.frames/frame_0023.png'
00:26.053  render           | Saved: 'showcase/v8.1-walk-respin-2/iteration-2/.walk-relaxed-v8-1-respin-side.frames/frame_0024.png'
00:26.962  render           | Saved: 'showcase/v8.1-walk-respin-2/iteration-2/.walk-relaxed-v8-1-respin-side.frames/frame_0025.png'
00:27.855  render           | Saved: 'showcase/v8.1-walk-respin-2/iteration-2/.walk-relaxed-v8-1-respin-side.frames/frame_0026.png'
00:28.737  render           | Saved: 'showcase/v8.1-walk-respin-2/iteration-2/.walk-relaxed-v8-1-respin-side.frames/frame_0027.png'
00:29.632  render           | Saved: 'showcase/v8.1-walk-respin-2/iteration-2/.walk-relaxed-v8-1-respin-side.frames/frame_0028.png'
00:30.697  render           | Saved: 'showcase/v8.1-walk-respin-2/iteration-2/.walk-relaxed-v8-1-respin-side.frames/frame_0029.png'
00:31.675  render           | Saved: 'showcase/v8.1-walk-respin-2/iteration-2/.walk-relaxed-v8-1-respin-side.frames/frame_0030.png'
00:32.714  render           | Saved: 'showcase/v8.1-walk-respin-2/iteration-2/.walk-relaxed-v8-1-respin-side.frames/frame_0031.png'
00:33.672  render           | Saved: 'showcase/v8.1-walk-respin-2/iteration-2/.walk-relaxed-v8-1-respin-side.frames/frame_0032.png'
00:34.600  render           | Saved: 'showcase/v8.1-walk-respin-2/iteration-2/.walk-relaxed-v8-1-respin-side.frames/frame_0033.png'
00:35.574  render           | Saved: 'showcase/v8.1-walk-respin-2/iteration-2/.walk-relaxed-v8-1-respin-side.frames/frame_0034.png'
00:36.523  render           | Saved: 'showcase/v8.1-walk-respin-2/iteration-2/.walk-relaxed-v8-1-respin-side.frames/frame_0035.png'
00:37.493  render           | Saved: 'showcase/v8.1-walk-respin-2/iteration-2/.walk-relaxed-v8-1-respin-side.frames/frame_0036.png'
00:38.430  render           | Saved: 'showcase/v8.1-walk-respin-2/iteration-2/.walk-relaxed-v8-1-respin-side.frames/frame_0037.png'
00:39.373  render           | Saved: 'showcase/v8.1-walk-respin-2/iteration-2/.walk-relaxed-v8-1-respin-side.frames/frame_0038.png'
00:40.382  render           | Saved: 'showcase/v8.1-walk-respin-2/iteration-2/.walk-relaxed-v8-1-respin-side.frames/frame_0039.png'
00:41.375  render           | Saved: 'showcase/v8.1-walk-respin-2/iteration-2/.walk-relaxed-v8-1-respin-side.frames/frame_0040.png'
00:42.360  render           | Saved: 'showcase/v8.1-walk-respin-2/iteration-2/.walk-relaxed-v8-1-respin-side.frames/frame_0041.png'
00:43.300  render           | Saved: 'showcase/v8.1-walk-respin-2/iteration-2/.walk-relaxed-v8-1-respin-side.frames/frame_0042.png'
00:44.249  render           | Saved: 'showcase/v8.1-walk-respin-2/iteration-2/.walk-relaxed-v8-1-respin-side.frames/frame_0043.png'
00:45.203  render           | Saved: 'showcase/v8.1-walk-respin-2/iteration-2/.walk-relaxed-v8-1-respin-side.frames/frame_0044.png'
00:46.252  render           | Saved: 'showcase/v8.1-walk-respin-2/iteration-2/.walk-relaxed-v8-1-respin-side.frames/frame_0045.png'
00:47.322  render           | Saved: 'showcase/v8.1-walk-respin-2/iteration-2/.walk-relaxed-v8-1-respin-side.frames/frame_0046.png'
00:48.337  render           | Saved: 'showcase/v8.1-walk-respin-2/iteration-2/.walk-relaxed-v8-1-respin-side.frames/frame_0047.png'
00:49.271  render           | Saved: 'showcase/v8.1-walk-respin-2/iteration-2/.walk-relaxed-v8-1-respin-side.frames/frame_0048.png'
00:50.273  render           | Saved: 'showcase/v8.1-walk-respin-2/iteration-2/.walk-relaxed-v8-1-respin-side.frames/frame_0049.png'
00:51.302  render           | Saved: 'showcase/v8.1-walk-respin-2/iteration-2/.walk-relaxed-v8-1-respin-side.frames/frame_0050.png'
00:52.402  render           | Saved: 'showcase/v8.1-walk-respin-2/iteration-2/.walk-relaxed-v8-1-respin-side.frames/frame_0051.png'
00:53.449  render           | Saved: 'showcase/v8.1-walk-respin-2/iteration-2/.walk-relaxed-v8-1-respin-side.frames/frame_0052.png'
00:54.427  render           | Saved: 'showcase/v8.1-walk-respin-2/iteration-2/.walk-relaxed-v8-1-respin-side.frames/frame_0053.png'
00:55.501  render           | Saved: 'showcase/v8.1-walk-respin-2/iteration-2/.walk-relaxed-v8-1-respin-side.frames/frame_0054.png'
00:56.624  render           | Saved: 'showcase/v8.1-walk-respin-2/iteration-2/.walk-relaxed-v8-1-respin-side.frames/frame_0055.png'
00:57.765  render           | Saved: 'showcase/v8.1-walk-respin-2/iteration-2/.walk-relaxed-v8-1-respin-side.frames/frame_0056.png'
00:58.853  render           | Saved: 'showcase/v8.1-walk-respin-2/iteration-2/.walk-relaxed-v8-1-respin-side.frames/frame_0057.png'
00:59.925  render           | Saved: 'showcase/v8.1-walk-respin-2/iteration-2/.walk-relaxed-v8-1-respin-side.frames/frame_0058.png'
01:01.054  render           | Saved: 'showcase/v8.1-walk-respin-2/iteration-2/.walk-relaxed-v8-1-respin-side.frames/frame_0059.png'
01:02.278  render           | Saved: 'showcase/v8.1-walk-respin-2/iteration-2/.walk-relaxed-v8-1-respin-side.frames/frame_0060.png'
01:03.434  render           | Saved: 'showcase/v8.1-walk-respin-2/iteration-2/.walk-relaxed-v8-1-respin-side.frames/frame_0061.png'
01:04.811  render           | Saved: 'showcase/v8.1-walk-respin-2/iteration-2/.walk-relaxed-v8-1-respin-side.frames/frame_0062.png'
01:06.402  render           | Saved: 'showcase/v8.1-walk-respin-2/iteration-2/.walk-relaxed-v8-1-respin-side.frames/frame_0063.png'
01:07.790  render           | Saved: 'showcase/v8.1-walk-respin-2/iteration-2/.walk-relaxed-v8-1-respin-side.frames/frame_0064.png'
01:08.917  render           | Saved: 'showcase/v8.1-walk-respin-2/iteration-2/.walk-relaxed-v8-1-respin-side.frames/frame_0065.png'
01:10.074  render           | Saved: 'showcase/v8.1-walk-respin-2/iteration-2/.walk-relaxed-v8-1-respin-side.frames/frame_0066.png'
01:11.362  render           | Saved: 'showcase/v8.1-walk-respin-2/iteration-2/.walk-relaxed-v8-1-respin-side.frames/frame_0067.png'
01:12.666  render           | Saved: 'showcase/v8.1-walk-respin-2/iteration-2/.walk-relaxed-v8-1-respin-side.frames/frame_0068.png'
01:13.933  render           | Saved: 'showcase/v8.1-walk-respin-2/iteration-2/.walk-relaxed-v8-1-respin-side.frames/frame_0069.png'
01:15.194  render           | Saved: 'showcase/v8.1-walk-respin-2/iteration-2/.walk-relaxed-v8-1-respin-side.frames/frame_0070.png'
01:16.535  render           | Saved: 'showcase/v8.1-walk-respin-2/iteration-2/.walk-relaxed-v8-1-respin-side.frames/frame_0071.png'
01:17.928  render           | Saved: 'showcase/v8.1-walk-respin-2/iteration-2/.walk-relaxed-v8-1-respin-side.frames/frame_0072.png'
01:19.251  render           | Saved: 'showcase/v8.1-walk-respin-2/iteration-2/.walk-relaxed-v8-1-respin-side.frames/frame_0073.png'
01:20.462  render           | Saved: 'showcase/v8.1-walk-respin-2/iteration-2/.walk-relaxed-v8-1-respin-side.frames/frame_0074.png'
01:22.059  render           | Saved: 'showcase/v8.1-walk-respin-2/iteration-2/.walk-relaxed-v8-1-respin-side.frames/frame_0075.png'
01:23.551  render           | Saved: 'showcase/v8.1-walk-respin-2/iteration-2/.walk-relaxed-v8-1-respin-side.frames/frame_0076.png'
01:25.334  render           | Saved: 'showcase/v8.1-walk-respin-2/iteration-2/.walk-relaxed-v8-1-respin-side.frames/frame_0077.png'
01:26.966  render           | Saved: 'showcase/v8.1-walk-respin-2/iteration-2/.walk-relaxed-v8-1-respin-side.frames/frame_0078.png'
01:28.286  render           | Saved: 'showcase/v8.1-walk-respin-2/iteration-2/.walk-relaxed-v8-1-respin-side.frames/frame_0079.png'
01:29.543  render           | Saved: 'showcase/v8.1-walk-respin-2/iteration-2/.walk-relaxed-v8-1-respin-side.frames/frame_0080.png'
01:31.231  render           | Saved: 'showcase/v8.1-walk-respin-2/iteration-2/.walk-relaxed-v8-1-respin-side.frames/frame_0081.png'
01:32.612  render           | Saved: 'showcase/v8.1-walk-respin-2/iteration-2/.walk-relaxed-v8-1-respin-side.frames/frame_0082.png'
01:34.184  render           | Saved: 'showcase/v8.1-walk-respin-2/iteration-2/.walk-relaxed-v8-1-respin-side.frames/frame_0083.png'
01:35.916  render           | Saved: 'showcase/v8.1-walk-respin-2/iteration-2/.walk-relaxed-v8-1-respin-side.frames/frame_0084.png'
01:37.415  render           | Saved: 'showcase/v8.1-walk-respin-2/iteration-2/.walk-relaxed-v8-1-respin-side.frames/frame_0085.png'
01:39.246  render           | Saved: 'showcase/v8.1-walk-respin-2/iteration-2/.walk-relaxed-v8-1-respin-side.frames/frame_0086.png'
01:40.832  render           | Saved: 'showcase/v8.1-walk-respin-2/iteration-2/.walk-relaxed-v8-1-respin-side.frames/frame_0087.png'
01:42.215  render           | Saved: 'showcase/v8.1-walk-respin-2/iteration-2/.walk-relaxed-v8-1-respin-side.frames/frame_0088.png'
01:43.617  render           | Saved: 'showcase/v8.1-walk-respin-2/iteration-2/.walk-relaxed-v8-1-respin-side.frames/frame_0089.png'
01:45.519  render           | Saved: 'showcase/v8.1-walk-respin-2/iteration-2/.walk-relaxed-v8-1-respin-side.frames/frame_0090.png'
01:47.007  render           | Saved: 'showcase/v8.1-walk-respin-2/iteration-2/.walk-relaxed-v8-1-respin-side.frames/frame_0091.png'
01:48.361  render           | Saved: 'showcase/v8.1-walk-respin-2/iteration-2/.walk-relaxed-v8-1-respin-side.frames/frame_0092.png'
01:50.451  render           | Saved: 'showcase/v8.1-walk-respin-2/iteration-2/.walk-relaxed-v8-1-respin-side.frames/frame_0093.png'
01:52.133  render           | Saved: 'showcase/v8.1-walk-respin-2/iteration-2/.walk-relaxed-v8-1-respin-side.frames/frame_0094.png'
01:53.517  render           | Saved: 'showcase/v8.1-walk-respin-2/iteration-2/.walk-relaxed-v8-1-respin-side.frames/frame_0095.png'
01:55.570  render           | Saved: 'showcase/v8.1-walk-respin-2/iteration-2/.walk-relaxed-v8-1-respin-side.frames/frame_0096.png'
01:57.348  render           | Saved: 'showcase/v8.1-walk-respin-2/iteration-2/.walk-relaxed-v8-1-respin-side.frames/frame_0097.png'
01:58.724  render           | Saved: 'showcase/v8.1-walk-respin-2/iteration-2/.walk-relaxed-v8-1-respin-side.frames/frame_0098.png'
{
  "renderer": "Blender candidate-owned walk-only wrapper",
  "blenderVersion": "5.2.0 LTS",
  "acceptedRendererReadOnly": "/Volumes/m2-extended-disk/Repos/eonwild-factory/showcase/v8.1/render_v8_1_blender.py",
  "inputGlb": "/Volumes/m2-extended-disk/Repos/eonwild-factory/candidates/v8.1-walk-respin-2/generated/iteration-16/tarbosaurus_procedural_v8_1_walk_respin.glb",
  "inputGlbSha256": "8d878d7a6cbecfc1cfd5193b3889b640e82f445df4583d38c1c146d371f63d2c",
  "manifest": "/Volumes/m2-extended-disk/Repos/eonwild-factory/candidates/v8.1-walk-respin-2/generated/iteration-16/animation-manifest.v8.1-walk-respin.json",
  "clip": "PROC_WALK_RELAXED_V8_1_RESPIN_ROOTMOTION",
  "durationSeconds": 10.0,
  "fps": 24,
  "frameCount": 240,
  "resolution": [
    960,
    540
  ],
  "view": "side",
  "targetProxyRendered": false,
  "contactReadabilityStage": {
    "groundBaseColor": [
      0.32,
      0.34,
      0.34,
      1.0
    ],
    "groundRoughness": 0.92,
    "lighting": "lighter neutral floor retained solely to expose metatarsal rise and toe-only contact shadow"
  },
  "onlyEditorialMedia": "/Volumes/m2-extended-disk/Repos/eonwild-factory/showcase/v8.1-walk-respin-2/iteration-2/walk-relaxed-v8-1-respin-side.mp4",
  "boundsM": {
    "min": [
      -1.455668330192566,
      -11.17465591430664,
      -1.0
    ],
    "max": [
      1.7228491306304932,
      6.029777526855469,
      3.4242465496063232
    ]
  },
  "animationDataPolicy": "candidate GLB imported read-only; no action channels changed"
}
Blender 5.2.0 LTS (hash fbe6228777e7 built 2026-07-14 01:31:22)

Blender quit
